id: 658887087
type: node
latitude: 39.7682
longitude: -105.23514
postcode: "80403"
city: Golden
street: "North Washington Avenue"
housenumber: 399
phone: "+1-303-216-9163"
opening_hours: "24/7"
website: "https://www.7-eleven.com/locations/co/golden/399-n.-washington-avenue-33481"
