id: 913279178
type: way
latitude: 39.72214
longitude: -105.19545
postcode: "80401"
city: Golden
street: "West Colfax Avenue"
housenumber: 17270
phone: ""
opening_hours: ""
website: ""
