id: 396327405
type: way
latitude: 39.75897
longitude: -105.21969
postcode: "80401"
city: Golden
street: "10th Street"
housenumber: 423
phone: "(720) 722-1645"
opening_hours: ""
website: "https://adventurewestco.com/"