id: 9162363216
type: node
latitude: 39.75475
longitude: -105.22148
postcode: "80401"
city: Golden
street: "Miner's Alley"
housenumber: 1217
phone: ""
opening_hours: ""
website: ""
