id: 374169429
type: node
latitude: 39.72814
longitude: -105.18293
postcode: "80401"
city: Golden
street: West Colfax Avenue
housenumber: "16289"
phone: +1 303-278-8766
opening_hours: Mo-Fr 08:00-17:00
website: https://www.andersens.net/
