id: 6641731085
type: node
latitude: 39.72812
longitude: -105.18371
postcode: "80401"
city: Golden
street: West Colfax Avenue
housenumber: "16351"
phone: +1-303-590-6600
opening_hours: ""
website: https://www.autonationsubaruwest.com/
