id: 10879833939
type: node
latitude: 39.78447
longitude: -105.17755
postcode: "80403"
city: Golden
street: Table Mountain Parkway
housenumber: "16035"
phone: ""
opening_hours: ""
website: ""
