id: 9148165781
type: node
latitude: 39.76523
longitude: -105.23263
postcode: "80403"
city: Golden
street: North Rubey Drive
housenumber: "103"
phone: ""
opening_hours: ""
website: ""
