id: 913228638
type: way
latitude: 39.7228403
longitude: -105.1863725
postcode: "80401"
city: Golden
street: "West Colfax Avenue"
housenumber: 16500
phone: "+1 303-278-0152"
opening_hours: ""
website: "carmax.com"
