id: 9162328191
type: node
latitude: 39.75996
longitude: -105.22498
postcode: "80401"
city: Golden
street: "Washington Avenue"
housenumber: 711
phone: ""
opening_hours: ""
website: ""
