id: 6789510703
type: node
latitude: 39.718529100000005
longitude: -105.2043599
postcode: "80401"
city: Golden
street: "West Colfax Avenue"
housenumber: 18180
phone: ""
opening_hours: ""
website: ""
