id: 183653353
type: way
latitude: 39.7245
longitude: -105.18594
postcode: "80401"
city: Golden
street: "West Colfax Avenue"
housenumber: 16630
phone: "+17206367660"
opening_hours: ""
website: "https://www.duluthtrading.com/locations/?StoreID=042&street-address=16630WColfaxAve.&city=Golden&srccode=WBGMB19"