id: 9432919178
type: node
latitude: 39.74956
longitude: -105.22329
postcode: "80401"
city: Golden
street: 16th Street
housenumber: "1200"
phone: ""
opening_hours: ""
website: ""
