id: 8290807728
type: node
shop: alcohol
latitude: 39.7075851
longitude: -105.2946125
postcode: "80401"
city: Golden
street: "Genesee Trail Road"
housenumber: 25948
phone: ""
opening_hours: "Mo-Th 09:00-21:00; Fr-Sa 09:00-22:00; Su 10:00-20:00"
website: "https://liquorstoregolden.com"
