id: 11339607894
type: node
latitude: 39.75594
longitude: -105.22066
postcode: "80401"
city: Golden
street: 12th Street
housenumber: "700"
phone: +1 720-328-9531
opening_hours: ""
website: https://www.goldminecupcakes.com/
