id: 4112104236
type: node
latitude: 39.75576
longitude: -105.22188
postcode: ""
city: Golden
street: "Washington Avenue"
housenumber: 1108
phone: ""
opening_hours: ""
website: ""