id: 1169307927
type: node
latitude: 39.73719
longitude: -105.19352
postcode: "80401"
city: Golden
street: South Golden Road
housenumber: "17198"
phone: ""
opening_hours: ""
website: ""
