id: 9162328192
type: node
latitude: 39.758785
longitude: -105.2250047
postcode: "80401"
city: Golden
street: "Washington Avenue"
housenumber: 802
phone: ""
opening_hours: ""
website: ""
