id: 3666552947
type: node
latitude: 39.7287
longitude: -105.20921
postcode: "80401"
city: Golden
street: "Heritage Road"
housenumber: 750
phone: ""
opening_hours: ""
website: ""