id: 12120985949
type: node
latitude: 39.72426
longitude: -105.16513
postcode: "80401"
city: Golden
street: "West 6th Avenue Frontage Road"
housenumber: 14799
phone: "+1-303-586-5202"
opening_hours: ""
website: "https://furtasticpet.com/"