id: 5593279623
type: node
latitude: 39.72437
longitude: -105.16464
postcode: "80401"
city: Golden
street: West 6th Avenue Frontage Road
housenumber: "14799"
phone: ""
opening_hours: ""
website: ""
