id: 946482125
type: node
latitude: 39.7645488
longitude: -105.2329983
postcode: "80403"
city: Golden
street: "North Rubey Drive"
housenumber: 102
phone: "+1-303-215-0883"
opening_hours: "24/7"
website: "https://www.loafnjug.com/"
