id: 4144799791
type: node
latitude: 39.73859
longitude: -105.19246
postcode: "80401"
city: Golden
street: South Golden Road
housenumber: "17121"
phone: +1-303-279-4157
opening_hours: Mo-Sa 09:00-19:00; Su 11:00-17:00
website: https://luxuriousnailsgolden.com/
