id: 9162436418
type: node
latitude: 39.75514
longitude: -105.22161
postcode: "80401"
city: Golden
street: "12th Street"
housenumber: 807
phone: ""
opening_hours: ""
website: ""