id: 92737034
type: way
shop: supermarket
latitude: 39.747095900000005
longitude: -105.2091439
postcode: ""
city: Golden
street: ""
housenumber: 
phone: ""
opening_hours: ""
website: ""
