id: 4006328679
type: node
shop: office supplies
latitude: 39.7356313
longitude: -105.162462
postcode: "80401"
city: Golden
street: "West Colfax Avenue"
housenumber: 14375
phone: ""
opening_hours: ""
website: ""
