id: 90753906
type: way
latitude: 39.73315
longitude: -105.23854
postcode: "80401"
city: Golden
street: "Lookout Mountain Road"
housenumber: 987
phone: ""
opening_hours: ""
website: ""