id: 13205349068
type: node
latitude: 39.73963
longitude: -105.19376
postcode: "80401"
city: Golden
street: South Golden Road
housenumber: "17205"
phone: +1-303-216-3294
opening_hours: Mo-Sa 09:00-21:00; Su 10:00-18:00
website: https://www.petsuppliesplus.com/store/co/golden/4017-golden/4017
