id: 92735977
type: way
latitude: 39.7222133
longitude: -105.19376190000001
postcode: "80401"
city: Golden
street: "West Colfax Avenue"
housenumber: 17132
phone: ""
opening_hours: ""
website: ""
