id: 373846669
type: node
latitude: 39.73017
longitude: -105.17756
postcode: "80401"
city: Golden
street: West Colfax Avenue
housenumber: "15701"
phone: +1 303-215-4200
opening_hours: ""
website: https://www.planethonda.com/
