id: 183565901
type: node
latitude: 39.73071
longitude: -105.1758
postcode: "80401"
city: Golden
street: West Colfax Avenue
housenumber: "15601"
phone: +1 303-407-0740
opening_hours: ""
website: https://www.planethyundai.com/
