id: 365762970
type: way
latitude: 39.7349483
longitude: -105.18330420000001
postcode: ""
city: Golden
street: "South Golden Road"
housenumber: 16350
phone: "303-472-3711"
opening_hours: ""
website: ""
