id: 11031836694
type: node
latitude: 39.8113
longitude: -105.36939
postcode: "80403"
city: Golden
street: Pyrenees Trail
housenumber: "6284"
phone: +1-303-771-7245
opening_hours: Mo-Fr 09:00-17:00
website: https://cruisepros.com
