id: 92727524
type: way
latitude: 39.75248
longitude: -105.21615
postcode: "80401"
city: Golden
street: "Jackson Street"
housenumber: 1701
phone: ""
opening_hours: ""
website: ""