id: 6944107701
type: node
latitude: 39.73765
longitude: -105.19223
postcode: "80401"
city: Golden
street: South Golden Road
housenumber: "17101"
phone: +1-303-279-9101
opening_hours: Mo-Fr 06:00-18:00; Sa 08:00-17:00; Su 10:00-16:00
website: https://www.sherwin-williams.com/store-locator/paint-store/golden/co/727692
