id: 4112104241
type: node
latitude: 39.75565
longitude: -105.22178
postcode: ""
city: Golden
street: Washington Avenue
housenumber: "1114"
phone: ""
opening_hours: ""
website: ""
