id: 11339607895
type: node
latitude: 39.75592
longitude: -105.22071
postcode: "80401"
city: Golden
street: "12th Street"
housenumber: 700
phone: ""
opening_hours: ""
website: ""