id: 92735943
type: way
shop: doityourself
latitude: 39.7221202
longitude: -105.1908128
postcode: "80401"
city: Golden
street: ""
housenumber: 
phone: ""
opening_hours: ""
website: ""
