id: 6073410103
type: node
latitude: 39.72433
longitude: -105.16675
postcode: "80401"
city: Golden
street: "West 6th Avenue Service Road"
housenumber: 14799
phone: "+1 303-278-1386"
opening_hours: "Tu-Fr 09:00-19:00; Sa 08:00-17:00"
website: "https://hairloungegolden.com/"
