id: 9124448914
type: node
latitude: 39.75744
longitude: -105.22374210000001
postcode: "80401"
city: Golden
street: "Washington Avenue"
housenumber: 922
phone: ""
opening_hours: ""
website: ""
