id: 10613231338
type: node
latitude: 39.72353
longitude: -105.19159
postcode: "80401"
city: Golden
street: West Colfax Avenue
housenumber: "16950"
phone: +1-303-278-7645
opening_hours: ""
website: https://vaportokeco.business.site/
