id: 273521776
type: node
latitude: 39.72228
longitude: -105.16926
postcode: "80401"
city: Golden
street: W 6th Ave
housenumber: "14998"
phone: +1-303-296-6766
opening_hours: Mo-Fr 09:00-17:00
website: https://vescent.com
