id: 2967816324
type: node
latitude: 39.73658
longitude: -105.16148
postcode: "80401"
city: Golden
street: West Colfax Avenue
housenumber: "14357"
phone: +1-303-277-1339
opening_hours: Mo-Su 08:00-21:00
website: https://www.wholefoodsmarket.com/stores/colfax
