id: 6779502774
type: node
latitude: 39.756504400000004
longitude: -105.22213280000001
postcode: "80401"
city: Golden
street: "Washington Avenue"
housenumber: 1111
phone: "303-279-1844"
opening_hours: "Tu-Fr 10:30-18:00; Sa 10:30-15:00"
website: ""
