id: 11410857327
type: node
latitude: 39.75403
longitude: -105.21969
postcode: "80401"
city: Golden
street: 14th Street
housenumber: "720"
phone: ""
opening_hours: ""
website: http://www.wrenbodywellness.com/
