id: 183380543
type: way
shop: car repair
latitude: 39.735172000000006
longitude: -105.1787228
postcode: ""
city: Golden
street: "South Golden Road"
housenumber: 15965
phone: ""
opening_hours: ""
website: ""
